import {
  pgTable,
  text,
  timestamp,
  boolean,
  integer,
  serial,
} from "drizzle-orm/pg-core";

export const custom_user = pgTable("custom_user", {
  id: serial("id").primaryKey(),
  name: text("name").notNull(),
  email: text("email").notNull().unique(),
  emailVerified: boolean("email_verified").default(false).notNull(),
  image: text("image"),
  createdAt: timestamp("created_at", { withTimezone: true })
    .defaultNow()
    .notNull(),
  updatedAt: timestamp("updated_at", { withTimezone: true })
    .defaultNow()
    .$onUpdate(() => /* @__PURE__ */ new Date())
    .notNull(),
  twoFactorEnabled: boolean("two_factor_enabled").default(false),
  username: text("username").unique(),
  displayUsername: text("display_username"),
});

export const custom_session = pgTable("custom_session", {
  id: serial("id").primaryKey(),
  expiresAt: timestamp("expires_at", { withTimezone: true }).notNull(),
  token: text("token").notNull().unique(),
  createdAt: timestamp("created_at", { withTimezone: true })
    .defaultNow()
    .notNull(),
  updatedAt: timestamp("updated_at", { withTimezone: true })
    .$onUpdate(() => /* @__PURE__ */ new Date())
    .notNull(),
  ipAddress: text("ip_address"),
  userAgent: text("user_agent"),
  userId: integer("user_id")
    .notNull()
    .references(() => custom_user.id, { onDelete: "cascade" }),
});

export const custom_account = pgTable("custom_account", {
  id: serial("id").primaryKey(),
  accountId: text("account_id").notNull(),
  providerId: text("provider_id").notNull(),
  userId: integer("user_id")
    .notNull()
    .references(() => custom_user.id, { onDelete: "cascade" }),
  accessToken: text("access_token"),
  refreshToken: text("refresh_token"),
  idToken: text("id_token"),
  accessTokenExpiresAt: timestamp("access_token_expires_at", {
    withTimezone: true,
  }),
  refreshTokenExpiresAt: timestamp("refresh_token_expires_at", {
    withTimezone: true,
  }),
  scope: text("scope"),
  password: text("password"),
  createdAt: timestamp("created_at", { withTimezone: true })
    .defaultNow()
    .notNull(),
  updatedAt: timestamp("updated_at", { withTimezone: true })
    .$onUpdate(() => /* @__PURE__ */ new Date())
    .notNull(),
});

export const custom_verification = pgTable("custom_verification", {
  id: serial("id").primaryKey(),
  identifier: text("identifier").notNull(),
  value: text("value").notNull(),
  expiresAt: timestamp("expires_at", { withTimezone: true }).notNull(),
  createdAt: timestamp("created_at", { withTimezone: true })
    .defaultNow()
    .notNull(),
  updatedAt: timestamp("updated_at", { withTimezone: true })
    .defaultNow()
    .$onUpdate(() => /* @__PURE__ */ new Date())
    .notNull(),
});

export const twoFactor = pgTable("two_factor", {
  id: serial("id").primaryKey(),
  secret: text("secret").notNull(),
  backupCodes: text("backup_codes").notNull(),
  userId: integer("user_id")
    .notNull()
    .references(() => custom_user.id, { onDelete: "cascade" }),
});
