import { sqliteTable, text, integer } from "drizzle-orm/sqlite-core";

export const custom_user = sqliteTable("custom_user", {
  id: int("id").primaryKey(),
  name: text("name").notNull(),
  email: text("email").notNull().unique(),
  emailVerified: integer("email_verified", { mode: "boolean" })
    .default(false)
    .notNull(),
  image: text("image"),
  createdAt: integer("created_at", { mode: "timestamp" })
    .defaultNow()
    .notNull(),
  updatedAt: integer("updated_at", { mode: "timestamp" })
    .defaultNow()
    .$onUpdate(() => /* @__PURE__ */ new Date())
    .notNull(),
});

export const custom_session = sqliteTable("custom_session", {
  id: int("id").primaryKey(),
  expiresAt: integer("expires_at", { mode: "timestamp" }).notNull(),
  token: text("token").notNull().unique(),
  createdAt: integer("created_at", { mode: "timestamp" })
    .defaultNow()
    .notNull(),
  updatedAt: integer("updated_at", { mode: "timestamp" })
    .$onUpdate(() => /* @__PURE__ */ new Date())
    .notNull(),
  ipAddress: text("ip_address"),
  userAgent: text("user_agent"),
  userId: integer("user_id")
    .notNull()
    .references(() => custom_user.id, { onDelete: "cascade" }),
});

export const custom_account = sqliteTable("custom_account", {
  id: int("id").primaryKey(),
  accountId: text("account_id").notNull(),
  providerId: text("provider_id").notNull(),
  userId: integer("user_id")
    .notNull()
    .references(() => custom_user.id, { onDelete: "cascade" }),
  accessToken: text("access_token"),
  refreshToken: text("refresh_token"),
  idToken: text("id_token"),
  accessTokenExpiresAt: integer("access_token_expires_at", {
    mode: "timestamp",
  }),
  refreshTokenExpiresAt: integer("refresh_token_expires_at", {
    mode: "timestamp",
  }),
  scope: text("scope"),
  password: text("password"),
  createdAt: integer("created_at", { mode: "timestamp" })
    .defaultNow()
    .notNull(),
  updatedAt: integer("updated_at", { mode: "timestamp" })
    .$onUpdate(() => /* @__PURE__ */ new Date())
    .notNull(),
});

export const custom_verification = sqliteTable("custom_verification", {
  id: int("id").primaryKey(),
  identifier: text("identifier").notNull(),
  value: text("value").notNull(),
  expiresAt: integer("expires_at", { mode: "timestamp" }).notNull(),
  createdAt: integer("created_at", { mode: "timestamp" })
    .defaultNow()
    .notNull(),
  updatedAt: integer("updated_at", { mode: "timestamp" })
    .defaultNow()
    .$onUpdate(() => /* @__PURE__ */ new Date())
    .notNull(),
});

export const passkey = sqliteTable("passkey", {
  id: int("id").primaryKey(),
  name: text("name"),
  publicKey: text("public_key").notNull(),
  userId: integer("user_id")
    .notNull()
    .references(() => custom_user.id, { onDelete: "cascade" }),
  credentialID: text("credential_id").notNull(),
  counter: integer("counter").notNull(),
  deviceType: text("device_type").notNull(),
  backedUp: integer("backed_up", { mode: "boolean" }).notNull(),
  transports: text("transports"),
  createdAt: integer("created_at", { mode: "timestamp" }),
  aaguid: text("aaguid"),
});
