import { sqliteTable, text, integer } from "drizzle-orm/sqlite-core";

export const custom_user = sqliteTable("custom_user", {
  id: int("id").autoincrement().primaryKey(),
  name: text("name").notNull(),
  email: text("email").notNull().unique(),
  emailVerified: integer("email_verified", { mode: "boolean" })
    .default(false)
    .notNull(),
  image: text("image"),
  createdAt: integer("created_at", { mode: "timestamp" })
    .defaultNow()
    .notNull(),
  updatedAt: integer("updated_at", { mode: "timestamp" })
    .defaultNow()
    .$onUpdate(() => /* @__PURE__ */ new Date())
    .notNull(),
  twoFactorEnabled: integer("two_factor_enabled", { mode: "boolean" }).default(
    false,
  ),
  username: text("username").unique(),
  displayUsername: text("display_username"),
});

export const custom_session = sqliteTable("custom_session", {
  id: int("id").autoincrement().primaryKey(),
  expiresAt: integer("expires_at", { mode: "timestamp" }).notNull(),
  token: text("token").notNull().unique(),
  createdAt: integer("created_at", { mode: "timestamp" })
    .defaultNow()
    .notNull(),
  updatedAt: integer("updated_at", { mode: "timestamp" })
    .$onUpdate(() => /* @__PURE__ */ new Date())
    .notNull(),
  ipAddress: text("ip_address"),
  userAgent: text("user_agent"),
  userId: integer("user_id")
    .notNull()
    .references(() => custom_user.id, { onDelete: "cascade" }),
});

export const custom_account = sqliteTable("custom_account", {
  id: int("id").autoincrement().primaryKey(),
  accountId: text("account_id").notNull(),
  providerId: text("provider_id").notNull(),
  userId: integer("user_id")
    .notNull()
    .references(() => custom_user.id, { onDelete: "cascade" }),
  accessToken: text("access_token"),
  refreshToken: text("refresh_token"),
  idToken: text("id_token"),
  accessTokenExpiresAt: integer("access_token_expires_at", {
    mode: "timestamp",
  }),
  refreshTokenExpiresAt: integer("refresh_token_expires_at", {
    mode: "timestamp",
  }),
  scope: text("scope"),
  password: text("password"),
  createdAt: integer("created_at", { mode: "timestamp" })
    .defaultNow()
    .notNull(),
  updatedAt: integer("updated_at", { mode: "timestamp" })
    .$onUpdate(() => /* @__PURE__ */ new Date())
    .notNull(),
});

export const custom_verification = sqliteTable("custom_verification", {
  id: int("id").autoincrement().primaryKey(),
  identifier: text("identifier").notNull(),
  value: text("value").notNull(),
  expiresAt: integer("expires_at", { mode: "timestamp" }).notNull(),
  createdAt: integer("created_at", { mode: "timestamp" })
    .defaultNow()
    .notNull(),
  updatedAt: integer("updated_at", { mode: "timestamp" })
    .defaultNow()
    .$onUpdate(() => /* @__PURE__ */ new Date())
    .notNull(),
});

export const twoFactor = sqliteTable("two_factor", {
  id: int("id").autoincrement().primaryKey(),
  secret: text("secret").notNull(),
  backupCodes: text("backup_codes").notNull(),
  userId: integer("user_id")
    .notNull()
    .references(() => custom_user.id, { onDelete: "cascade" }),
});
