import {
  mysqlTable,
  varchar,
  text,
  timestamp,
  boolean,
  int,
} from "drizzle-orm/mysql-core";

export const custom_user = mysqlTable("custom_user", {
  id: varchar("id", { length: 36 }).primaryKey(),
  name: text("name").notNull(),
  email: varchar("email", { length: 255 }).notNull().unique(),
  emailVerified: boolean("email_verified").default(false).notNull(),
  image: text("image"),
  createdAt: timestamp("created_at").defaultNow().notNull(),
  updatedAt: timestamp("updated_at")
    .defaultNow()
    .$onUpdate(() => /* @__PURE__ */ new Date())
    .notNull(),
});

export const custom_session = mysqlTable("custom_session", {
  id: varchar("id", { length: 36 }).primaryKey(),
  expiresAt: timestamp("expires_at").notNull(),
  token: varchar("token", { length: 255 }).notNull().unique(),
  createdAt: timestamp("created_at").defaultNow().notNull(),
  updatedAt: timestamp("updated_at")
    .$onUpdate(() => /* @__PURE__ */ new Date())
    .notNull(),
  ipAddress: text("ip_address"),
  userAgent: text("user_agent"),
  userId: varchar("user_id", { length: 36 })
    .notNull()
    .references(() => custom_user.id, { onDelete: "cascade" }),
});

export const custom_account = mysqlTable("custom_account", {
  id: varchar("id", { length: 36 }).primaryKey(),
  accountId: text("account_id").notNull(),
  providerId: text("provider_id").notNull(),
  userId: varchar("user_id", { length: 36 })
    .notNull()
    .references(() => custom_user.id, { onDelete: "cascade" }),
  accessToken: text("access_token"),
  refreshToken: text("refresh_token"),
  idToken: text("id_token"),
  accessTokenExpiresAt: timestamp("access_token_expires_at"),
  refreshTokenExpiresAt: timestamp("refresh_token_expires_at"),
  scope: text("scope"),
  password: text("password"),
  createdAt: timestamp("created_at").defaultNow().notNull(),
  updatedAt: timestamp("updated_at")
    .$onUpdate(() => /* @__PURE__ */ new Date())
    .notNull(),
});

export const custom_verification = mysqlTable("custom_verification", {
  id: varchar("id", { length: 36 }).primaryKey(),
  identifier: text("identifier").notNull(),
  value: text("value").notNull(),
  expiresAt: timestamp("expires_at").notNull(),
  createdAt: timestamp("created_at").defaultNow().notNull(),
  updatedAt: timestamp("updated_at")
    .defaultNow()
    .$onUpdate(() => /* @__PURE__ */ new Date())
    .notNull(),
});

export const passkey = mysqlTable("passkey", {
  id: varchar("id", { length: 36 }).primaryKey(),
  name: text("name"),
  publicKey: text("public_key").notNull(),
  userId: varchar("user_id", { length: 36 })
    .notNull()
    .references(() => custom_user.id, { onDelete: "cascade" }),
  credentialID: text("credential_id").notNull(),
  counter: int("counter").notNull(),
  deviceType: text("device_type").notNull(),
  backedUp: boolean("backed_up").notNull(),
  transports: text("transports"),
  createdAt: timestamp("created_at"),
  aaguid: text("aaguid"),
});
