import { sql } from "drizzle-orm";
import { sqliteTable, text, integer } from "drizzle-orm/sqlite-core";

export const user = sqliteTable("user", {
  id: text("id").primaryKey(),
  name: text("name").notNull(),
  email: text("email").notNull().unique(),
  emailVerified: integer("email_verified", { mode: "boolean" })
    .default(false)
    .notNull(),
  image: text("image"),
  createdAt: integer("created_at", { mode: "timestamp_ms" })
    .default(sql`(cast(unixepoch('subsecond') * 1000 as integer))`)
    .notNull(),
  updatedAt: integer("updated_at", { mode: "timestamp_ms" })
    .default(sql`(cast(unixepoch('subsecond') * 1000 as integer))`)
    .$onUpdate(() => /* @__PURE__ */ new Date())
    .notNull(),
  priority: text({ enum: ["high", "medium", "low"] }),
});

export const session = sqliteTable("session", {
  id: text("id").primaryKey(),
  expiresAt: integer("expires_at", { mode: "timestamp_ms" }).notNull(),
  token: text("token").notNull().unique(),
  createdAt: integer("created_at", { mode: "timestamp_ms" })
    .default(sql`(cast(unixepoch('subsecond') * 1000 as integer))`)
    .notNull(),
  updatedAt: integer("updated_at", { mode: "timestamp_ms" })
    .$onUpdate(() => /* @__PURE__ */ new Date())
    .notNull(),
  ipAddress: text("ip_address"),
  userAgent: text("user_agent"),
  userId: text("user_id")
    .notNull()
    .references(() => user.id, { onDelete: "cascade" }),
});

export const account = sqliteTable("account", {
  id: text("id").primaryKey(),
  accountId: text("account_id").notNull(),
  providerId: text("provider_id").notNull(),
  userId: text("user_id")
    .notNull()
    .references(() => user.id, { onDelete: "cascade" }),
  accessToken: text("access_token"),
  refreshToken: text("refresh_token"),
  idToken: text("id_token"),
  accessTokenExpiresAt: integer("access_token_expires_at", {
    mode: "timestamp_ms",
  }),
  refreshTokenExpiresAt: integer("refresh_token_expires_at", {
    mode: "timestamp_ms",
  }),
  scope: text("scope"),
  password: text("password"),
  createdAt: integer("created_at", { mode: "timestamp_ms" })
    .default(sql`(cast(unixepoch('subsecond') * 1000 as integer))`)
    .notNull(),
  updatedAt: integer("updated_at", { mode: "timestamp_ms" })
    .$onUpdate(() => /* @__PURE__ */ new Date())
    .notNull(),
});

export const verification = sqliteTable("verification", {
  id: text("id").primaryKey(),
  identifier: text("identifier").notNull(),
  value: text("value").notNull(),
  expiresAt: integer("expires_at", { mode: "timestamp_ms" }).notNull(),
  createdAt: integer("created_at", { mode: "timestamp_ms" })
    .default(sql`(cast(unixepoch('subsecond') * 1000 as integer))`)
    .notNull(),
  updatedAt: integer("updated_at", { mode: "timestamp_ms" })
    .default(sql`(cast(unixepoch('subsecond') * 1000 as integer))`)
    .$onUpdate(() => /* @__PURE__ */ new Date())
    .notNull(),
});
