
generator client {
  provider = "prisma-client-js"
}

datasource db {
  provider = "postgresql"
  url      = env("DATABASE_URL")
}

model User {
  id               String   @id
  name             String
  email            String
  emailVerified    Boolean
  image            String?
  createdAt        DateTime
  updatedAt        DateTime
  twoFactorEnabled Boolean?
  username         String?

  @@unique([email])
  @@unique([username])
  @@map("user")
}

model Session {
  id        String   @id
  expiresAt DateTime
  ipAddress String?
  userAgent String?
  userId    String
  user      User     @relation(fields: [userId], references: [id], onDelete: Cascade)

  @@map("session")
}

model Account {
  id           String    @id
  accountId    String
  providerId   String
  userId       String
  user         User      @relation(fields: [userId], references: [id], onDelete: Cascade)
  accessToken  String?
  refreshToken String?
  idToken      String?
  expiresAt    DateTime?
  password     String?

  @@map("account")
}

model Verification {
  id         String   @id
  identifier String
  value      String
  expiresAt  DateTime

  @@map("verification")
}

model TwoFactor {
  id          String @id
  secret      String
  backupCodes String
  userId      String
  user        User   @relation(fields: [userId], references: [id], onDelete: Cascade)

  @@map("twoFactor")
}
